###############################################################################
#                                                                             #
# IAR ANSI C/C++ Compiler V6.50.3.4676/W32 for ARM      29/Aug/2015  14:31:53 #
# Copyright 1999-2013 IAR Systems AB.                                         #
#                                                                             #
#    Cpu mode     =  thumb                                                    #
#    Endian       =  little                                                   #
#    Source file  =  D:\delo\x\press100\trunk\src\pressureHandler.c           #
#    Command line =  D:\delo\x\press100\trunk\src\pressureHandler.c -D        #
#                    VECT_TAB_FLASH -D IAR_ARM_CM3 -lcN                       #
#                    D:\delo\x\press100\trunk\src\Debug\List\                 #
#                    --diag_suppress Pa082,pe191 -o                           #
#                    D:\delo\x\press100\trunk\src\Debug\Obj\ --no_cse         #
#                    --no_unroll --no_inline --no_code_motion --no_tbaa       #
#                    --no_clustering --no_scheduling --debug --endian=little  #
#                    --cpu=Cortex-M3 -e --fpu=None --dlib_config "C:\Program  #
#                    Files (x86)\IAR Systems\Embedded Workbench               #
#                    6.5\arm\INC\c\DLib_Config_Full.h" -I                     #
#                    D:\delo\x\press100\trunk\src\.\ -I                       #
#                    D:\delo\x\press100\trunk\src\STM32F10xFWLib\inc\ -I      #
#                    D:\delo\x\press100\trunk\src\FreeRTOS\Source\include\    #
#                    -I D:\delo\x\press100\trunk\src\FreeRTOS\Source\portable #
#                    \IAR\ARM_CM3\ -I D:\delo\x\press100\trunk\src\common\inc #
#                    lude\ -Ol --use_c++_inline                               #
#    List file    =  D:\delo\x\press100\trunk\src\Debug\List\pressureHandler. #
#                    lst                                                      #
#    Object file  =  D:\delo\x\press100\trunk\src\Debug\Obj\pressureHandler.o #
#                                                                             #
#                                                                             #
###############################################################################

D:\delo\x\press100\trunk\src\pressureHandler.c
      1          // обработчик давления
      2          // pressureHandler.c
      3          // Рыбаков Д.Н.
      4          //------------------------------------------------------------------------------
      5          
      6          #include "pressureHandler.h"


 

 


Errors: none
Warnings: none
